src/pages/CalendarPage.tsx(3,10): error TS6133: 'Video' is declared but its value is never read.
